stm32f1xx_hal_msp.c:66:6:HAL_MspInit	8	static
stm32f1xx_hal_msp.c:92:6:HAL_TIM_Base_MspInit	16	static
stm32f1xx_hal_msp.c:123:6:HAL_TIM_PWM_MspInit	8	static
stm32f1xx_hal_msp.c:145:6:HAL_TIM_Encoder_MspInit	40	static
stm32f1xx_hal_msp.c:176:6:HAL_TIM_MspPostInit	40	static
stm32f1xx_hal_msp.c:206:6:HAL_TIM_Base_MspDeInit	8	static
stm32f1xx_hal_msp.c:234:6:HAL_TIM_PWM_MspDeInit	0	static
stm32f1xx_hal_msp.c:256:6:HAL_TIM_Encoder_MspDeInit	8	static
stm32f1xx_hal_msp.c:287:6:HAL_UART_MspInit	40	static
stm32f1xx_hal_msp.c:329:6:HAL_UART_MspDeInit	8	static
